错误: 句法分析器6行里不能有多字节字符
停止执行
Warning message:
closing unused RODBC handle 1 
